// Jest Snapshot v1, https://goo.gl/fbAQLP

exports[`<SelectDocs/> should render the HowItWorks component 1`] = `
<DocumentFragment>
  <div
    class="css-15xukzj"
  >
    <h2
      class="chakra-heading css-17pfrz0"
    >
      Select a doc set
    </h2>
    <div
      class="chakra-stack css-lkfz6i"
    >
      <div
        class="css-0"
      >
        <a
          class="chakra-link css-0"
          href="/calico/latest/about/"
        >
          <div
            class="css-sd1dxm"
          >
            <div
              class="css-1ki4hma"
            >
              <img
                class="chakra-image css-x3wokz"
                src="img/calico-logo.webp"
              />
            </div>
            <p
              class="chakra-text css-3o8wkr"
            >
              Calico Open Source
            </p>
          </div>
        </a>
      </div>
      <div
        class="css-0"
      >
        <a
          class="chakra-link css-0"
          href="/calico-enterprise/latest/about-calico-enterprise"
        >
          <div
            class="css-sd1dxm"
          >
            <div
              class="css-1ki4hma"
            >
              <img
                class="chakra-image css-x3wokz"
                src="/img/calico-enterprise-logo.webp"
              />
            </div>
            <p
              class="chakra-text css-3o8wkr"
            >
              Calico Enterprise
            </p>
          </div>
        </a>
      </div>
      <div
        class="css-0"
      >
        <a
          class="chakra-link css-0"
          href="calico-cloud"
        >
          <div
            class="css-sd1dxm"
          >
            <div
              class="css-1ki4hma"
            >
              <img
                class="chakra-image css-x3wokz"
                src="/img/calico-cloud-logo.webp"
              />
            </div>
            <p
              class="chakra-text css-3o8wkr"
            >
              Calico Cloud
            </p>
          </div>
        </a>
      </div>
    </div>
  </div>
</DocumentFragment>
`;
